stm32wlxx_hal_tim_ex.c:159:19:HAL_TIMEx_HallSensor_Init	48	static
stm32wlxx_hal_tim_ex.c:260:19:HAL_TIMEx_HallSensor_DeInit	16	static
stm32wlxx_hal_tim_ex.c:305:13:HAL_TIMEx_HallSensor_MspInit	16	static
stm32wlxx_hal_tim_ex.c:320:13:HAL_TIMEx_HallSensor_MspDeInit	16	static
stm32wlxx_hal_tim_ex.c:335:19:HAL_TIMEx_HallSensor_Start	24	static
stm32wlxx_hal_tim_ex.c:388:19:HAL_TIMEx_HallSensor_Stop	16	static
stm32wlxx_hal_tim_ex.c:415:19:HAL_TIMEx_HallSensor_Start_IT	24	static
stm32wlxx_hal_tim_ex.c:471:19:HAL_TIMEx_HallSensor_Stop_IT	16	static
stm32wlxx_hal_tim_ex.c:503:19:HAL_TIMEx_HallSensor_Start_DMA	32	static
stm32wlxx_hal_tim_ex.c:578:19:HAL_TIMEx_HallSensor_Stop_DMA	16	static
stm32wlxx_hal_tim_ex.c:639:19:HAL_TIMEx_OCN_Start	24	static
stm32wlxx_hal_tim_ex.c:690:19:HAL_TIMEx_OCN_Stop	16	static
stm32wlxx_hal_tim_ex.c:722:19:HAL_TIMEx_OCN_Start_IT	24	static
stm32wlxx_hal_tim_ex.c:804:19:HAL_TIMEx_OCN_Stop_IT	24	static
stm32wlxx_hal_tim_ex.c:873:19:HAL_TIMEx_OCN_Start_DMA	32	static
stm32wlxx_hal_tim_ex.c:1002:19:HAL_TIMEx_OCN_Stop_DMA	16	static
stm32wlxx_hal_tim_ex.c:1097:19:HAL_TIMEx_PWMN_Start	24	static
stm32wlxx_hal_tim_ex.c:1147:19:HAL_TIMEx_PWMN_Stop	16	static
stm32wlxx_hal_tim_ex.c:1179:19:HAL_TIMEx_PWMN_Start_IT	24	static
stm32wlxx_hal_tim_ex.c:1260:19:HAL_TIMEx_PWMN_Stop_IT	24	static
stm32wlxx_hal_tim_ex.c:1330:19:HAL_TIMEx_PWMN_Start_DMA	32	static
stm32wlxx_hal_tim_ex.c:1459:19:HAL_TIMEx_PWMN_Stop_DMA	16	static
stm32wlxx_hal_tim_ex.c:1544:19:HAL_TIMEx_OnePulseN_Start	24	static
stm32wlxx_hal_tim_ex.c:1593:19:HAL_TIMEx_OnePulseN_Stop	24	static
stm32wlxx_hal_tim_ex.c:1632:19:HAL_TIMEx_OnePulseN_Start_IT	24	static
stm32wlxx_hal_tim_ex.c:1687:19:HAL_TIMEx_OnePulseN_Stop_IT	24	static
stm32wlxx_hal_tim_ex.c:1767:19:HAL_TIMEx_ConfigCommutEvent	24	static
stm32wlxx_hal_tim_ex.c:1823:19:HAL_TIMEx_ConfigCommutEvent_IT	24	static
stm32wlxx_hal_tim_ex.c:1880:19:HAL_TIMEx_ConfigCommutEvent_DMA	24	static
stm32wlxx_hal_tim_ex.c:1929:19:HAL_TIMEx_MasterConfigSynchronization	24	static
stm32wlxx_hal_tim_ex.c:2002:19:HAL_TIMEx_ConfigBreakDeadTime	24	static
stm32wlxx_hal_tim_ex.c:2084:19:HAL_TIMEx_ConfigBreakInput	48	static
stm32wlxx_hal_tim_ex.c:2232:19:HAL_TIMEx_RemapConfig	24	static
stm32wlxx_hal_tim_ex.c:2288:19:HAL_TIMEx_GroupChannel5	16	static
stm32wlxx_hal_tim_ex.c:2326:19:HAL_TIMEx_DisarmBreakInput	24	static
stm32wlxx_hal_tim_ex.c:2379:19:HAL_TIMEx_ReArmBreakInput	24	static
stm32wlxx_hal_tim_ex.c:2466:13:HAL_TIMEx_CommutCallback	16	static
stm32wlxx_hal_tim_ex.c:2480:13:HAL_TIMEx_CommutHalfCpltCallback	16	static
stm32wlxx_hal_tim_ex.c:2495:13:HAL_TIMEx_BreakCallback	16	static
stm32wlxx_hal_tim_ex.c:2510:13:HAL_TIMEx_Break2Callback	16	static
stm32wlxx_hal_tim_ex.c:2543:22:HAL_TIMEx_HallSensor_GetState	16	static
stm32wlxx_hal_tim_ex.c:2558:29:HAL_TIMEx_GetChannelNState	24	static
stm32wlxx_hal_tim_ex.c:2587:6:TIMEx_DMACommutationCplt	24	static
stm32wlxx_hal_tim_ex.c:2606:6:TIMEx_DMACommutationHalfCplt	24	static
stm32wlxx_hal_tim_ex.c:2626:13:TIM_DMADelayPulseNCplt	24	static
stm32wlxx_hal_tim_ex.c:2685:13:TIM_DMAErrorCCxN	24	static
stm32wlxx_hal_tim_ex.c:2730:13:TIM_CCxNChannelCmd	32	static
