stm32wlxx_ll_adc.h:1742:22:LL_ADC_SetCommonPathInternalCh	16	static
stm32wlxx_ll_adc.h:1836:26:LL_ADC_GetCommonPathInternalCh	16	static
stm32wlxx_ll_adc.h:2209:22:LL_ADC_SetSamplingTimeCommonChannels	24	static
stm32wlxx_ll_adc.h:2345:26:LL_ADC_REG_IsTriggerSourceSWStart	16	static
stm32wlxx_ll_adc.h:2755:22:LL_ADC_REG_SetSequencerRanks	24	static
stm32wlxx_ll_adc.h:3021:22:LL_ADC_REG_SetSequencerChAdd	16	static
stm32wlxx_ll_adc.h:3113:22:LL_ADC_REG_SetSequencerChRem	16	static
stm32wlxx_ll_adc.h:3326:26:LL_ADC_REG_GetDMATransfer	16	static
stm32wlxx_ll_adc.h:3453:22:LL_ADC_SetChannelSamplingTime	24	static
stm32wlxx_ll_adc.h:3615:22:LL_ADC_SetAnalogWDMonitChannels	32	static
stm32wlxx_ll_adc.h:3831:22:LL_ADC_ConfigAnalogWDThresholds	32	static
stm32wlxx_ll_adc.h:4158:22:LL_ADC_EnableInternalRegulator	16	static
stm32wlxx_ll_adc.h:4177:22:LL_ADC_DisableInternalRegulator	16	static
stm32wlxx_ll_adc.h:4188:26:LL_ADC_IsInternalRegulatorEnabled	16	static
stm32wlxx_ll_adc.h:4209:22:LL_ADC_Enable	16	static
stm32wlxx_ll_adc.h:4229:22:LL_ADC_Disable	16	static
stm32wlxx_ll_adc.h:4248:26:LL_ADC_IsEnabled	16	static
stm32wlxx_ll_adc.h:4259:26:LL_ADC_IsDisableOngoing	16	static
stm32wlxx_ll_adc.h:4336:22:LL_ADC_REG_StartConversion	16	static
stm32wlxx_ll_adc.h:4356:22:LL_ADC_REG_StopConversion	16	static
stm32wlxx_ll_adc.h:4372:26:LL_ADC_REG_IsConversionOngoing	16	static
stm32wlxx_ll_adc.h:4674:22:LL_ADC_ClearFlag_AWD1	16	static
stm32wlxx_ll_adc.h:4685:22:LL_ADC_ClearFlag_AWD2	16	static
stm32wlxx_ll_adc.h:4696:22:LL_ADC_ClearFlag_AWD3	16	static
stm32wlxx_ll_adc.h:4792:22:LL_ADC_EnableIT_AWD1	16	static
stm32wlxx_ll_adc.h:4803:22:LL_ADC_EnableIT_AWD2	16	static
stm32wlxx_ll_adc.h:4814:22:LL_ADC_EnableIT_AWD3	16	static
stm32wlxx_ll_adc.h:4902:22:LL_ADC_DisableIT_AWD1	16	static
stm32wlxx_ll_adc.h:4913:22:LL_ADC_DisableIT_AWD2	16	static
stm32wlxx_ll_adc.h:4924:22:LL_ADC_DisableIT_AWD3	16	static
stm32wlxx_hal_adc.c:388:19:HAL_ADC_Init	40	static
stm32wlxx_hal_adc.c:776:19:HAL_ADC_DeInit	24	static
stm32wlxx_hal_adc.c:900:13:HAL_ADC_MspInit	16	static
stm32wlxx_hal_adc.c:917:13:HAL_ADC_MspDeInit	16	static
stm32wlxx_hal_adc.c:1184:19:HAL_ADC_Start	24	static
stm32wlxx_hal_adc.c:1251:19:HAL_ADC_Stop	24	static
stm32wlxx_hal_adc.c:1302:19:HAL_ADC_PollForConversion	24	static
stm32wlxx_hal_adc.c:1432:19:HAL_ADC_PollForEvent	32	static
stm32wlxx_hal_adc.c:1562:19:HAL_ADC_Start_IT	24	static
stm32wlxx_hal_adc.c:1653:19:HAL_ADC_Stop_IT	24	static
stm32wlxx_hal_adc.c:1700:19:HAL_ADC_Start_DMA	32	static
stm32wlxx_hal_adc.c:1796:19:HAL_ADC_Stop_DMA	24	static
stm32wlxx_hal_adc.c:1877:10:HAL_ADC_GetValue	16	static
stm32wlxx_hal_adc.c:1894:6:HAL_ADC_IRQHandler	32	static
stm32wlxx_hal_adc.c:2104:13:HAL_ADC_ConvCpltCallback	16	static
stm32wlxx_hal_adc.c:2119:13:HAL_ADC_ConvHalfCpltCallback	16	static
stm32wlxx_hal_adc.c:2134:13:HAL_ADC_LevelOutOfWindowCallback	16	static
stm32wlxx_hal_adc.c:2156:13:HAL_ADC_ErrorCallback	16	static
stm32wlxx_hal_adc.c:2202:19:HAL_ADC_ConfigChannel	40	static,ignoring_inline_asm
stm32wlxx_hal_adc.c:2409:19:HAL_ADC_AnalogWDGConfig	56	static,ignoring_inline_asm
stm32wlxx_hal_adc.c:2625:10:HAL_ADC_GetState	16	static
stm32wlxx_hal_adc.c:2639:10:HAL_ADC_GetError	16	static
stm32wlxx_hal_adc.c:2666:19:ADC_ConversionStop	24	static
stm32wlxx_hal_adc.c:2720:19:ADC_Enable	24	static
stm32wlxx_hal_adc.c:2811:19:ADC_Disable	24	static
stm32wlxx_hal_adc.c:2873:13:ADC_DMAConvCplt	24	static
stm32wlxx_hal_adc.c:2951:13:ADC_DMAHalfConvCplt	24	static
stm32wlxx_hal_adc.c:2969:13:ADC_DMAError	24	static
