stm32wlxx_ll_pwr.h:422:26:LL_PWR_IsEnabledBkUpAccess	4	static
stm32wlxx_ll_rcc.h:969:22:LL_RCC_HSE_EnableTcxo	4	static
stm32wlxx_ll_rcc.h:979:22:LL_RCC_HSE_DisableTcxo	4	static
stm32wlxx_ll_rcc.h:1020:26:LL_RCC_HSE_IsEnabledDiv2	4	static
stm32wlxx_ll_rcc.h:1030:22:LL_RCC_HSE_EnableCSS	4	static
stm32wlxx_ll_rcc.h:1040:22:LL_RCC_HSE_Enable	4	static
stm32wlxx_ll_rcc.h:1050:22:LL_RCC_HSE_Disable	4	static
stm32wlxx_ll_rcc.h:1060:26:LL_RCC_HSE_IsReady	4	static
stm32wlxx_ll_rcc.h:1109:22:LL_RCC_HSI_Enable	4	static
stm32wlxx_ll_rcc.h:1119:22:LL_RCC_HSI_Disable	4	static
stm32wlxx_ll_rcc.h:1129:26:LL_RCC_HSI_IsReady	4	static
stm32wlxx_ll_rcc.h:1174:22:LL_RCC_HSI_SetCalibTrimming	16	static
stm32wlxx_ll_rcc.h:1184:26:LL_RCC_HSI_GetCalibTrimming	4	static
stm32wlxx_ll_rcc.h:1335:26:LL_RCC_LSE_IsReady	4	static
stm32wlxx_ll_rcc.h:1390:22:LL_RCC_LSI_Enable	4	static
stm32wlxx_ll_rcc.h:1400:22:LL_RCC_LSI_Disable	4	static
stm32wlxx_ll_rcc.h:1410:26:LL_RCC_LSI_IsReady	4	static
stm32wlxx_ll_rcc.h:1428:22:LL_RCC_MSI_Enable	4	static
stm32wlxx_ll_rcc.h:1438:22:LL_RCC_MSI_Disable	4	static
stm32wlxx_ll_rcc.h:1448:26:LL_RCC_MSI_IsReady	4	static
stm32wlxx_ll_rcc.h:1497:26:LL_RCC_MSI_IsEnabledRangeSelect	4	static
stm32wlxx_ll_rcc.h:1520:22:LL_RCC_MSI_SetRange	16	static
stm32wlxx_ll_rcc.h:1542:26:LL_RCC_MSI_GetRange	4	static
stm32wlxx_ll_rcc.h:1571:26:LL_RCC_MSI_GetRangeAfterStandby	4	static
stm32wlxx_ll_rcc.h:1595:22:LL_RCC_MSI_SetCalibTrimming	16	static
stm32wlxx_ll_rcc.h:1605:26:LL_RCC_MSI_GetCalibTrimming	4	static
stm32wlxx_ll_rcc.h:1731:22:LL_RCC_SetSysClkSource	16	static
stm32wlxx_ll_rcc.h:1745:26:LL_RCC_GetSysClkSource	4	static
stm32wlxx_ll_rcc.h:1771:22:LL_RCC_SetAHBPrescaler	16	static
stm32wlxx_ll_rcc.h:1797:22:LL_C2_RCC_SetAHBPrescaler	16	static
stm32wlxx_ll_rcc.h:1823:22:LL_RCC_SetAHB3Prescaler	16	static
stm32wlxx_ll_rcc.h:1839:22:LL_RCC_SetAPB1Prescaler	16	static
stm32wlxx_ll_rcc.h:1855:22:LL_RCC_SetAPB2Prescaler	16	static
stm32wlxx_ll_rcc.h:1879:26:LL_RCC_GetAHBPrescaler	4	static
stm32wlxx_ll_rcc.h:1904:26:LL_C2_RCC_GetAHBPrescaler	4	static
stm32wlxx_ll_rcc.h:1929:26:LL_RCC_GetAHB3Prescaler	4	static
stm32wlxx_ll_rcc.h:1944:26:LL_RCC_GetAPB1Prescaler	4	static
stm32wlxx_ll_rcc.h:1959:26:LL_RCC_GetAPB2Prescaler	4	static
stm32wlxx_ll_rcc.h:2021:22:LL_RCC_ConfigMCO	16	static
stm32wlxx_ll_rcc.h:2391:22:LL_RCC_PLL_Enable	4	static
stm32wlxx_ll_rcc.h:2402:22:LL_RCC_PLL_Disable	4	static
stm32wlxx_ll_rcc.h:2412:26:LL_RCC_PLL_IsReady	4	static
stm32wlxx_ll_rcc.h:2602:26:LL_RCC_PLL_GetN	4	static
stm32wlxx_ll_rcc.h:2643:26:LL_RCC_PLL_GetP	4	static
stm32wlxx_ll_rcc.h:2661:26:LL_RCC_PLL_GetQ	4	static
stm32wlxx_ll_rcc.h:2679:26:LL_RCC_PLL_GetR	4	static
stm32wlxx_ll_rcc.h:2697:26:LL_RCC_PLL_GetDivider	4	static
stm32wlxx_ll_rcc.h:2815:26:LL_RCC_PLL_GetMainSource	4	static
stm32wlxx_ll_rcc.h:2997:26:LL_RCC_IsActiveFlag_HPRE	4	static
stm32wlxx_ll_rcc.h:3008:26:LL_RCC_IsActiveFlag_C2HPRE	4	static
stm32wlxx_ll_rcc.h:3019:26:LL_RCC_IsActiveFlag_SHDHPRE	4	static
stm32wlxx_ll_rcc.h:3030:26:LL_RCC_IsActiveFlag_PPRE1	4	static
stm32wlxx_ll_rcc.h:3040:26:LL_RCC_IsActiveFlag_PPRE2	4	static
stm32wlxx_ll_bus.h:449:22:LL_AHB2_GRP1_EnableClock	24	static
stm32wlxx_hal_rcc.c:224:19:HAL_RCC_DeInit	16	static
stm32wlxx_hal_rcc.c:331:19:HAL_RCC_OscConfig	40	static
stm32wlxx_hal_rcc.c:924:19:HAL_RCC_ClockConfig	24	static
stm32wlxx_hal_rcc.c:1187:6:HAL_RCC_MCOConfig	48	static
stm32wlxx_hal_rcc.c:1242:10:HAL_RCC_GetSysClockFreq	40	static
stm32wlxx_hal_rcc.c:1328:10:HAL_RCC_GetHCLKFreq	16	static
stm32wlxx_hal_rcc.c:1339:10:HAL_RCC_GetHCLK2Freq	16	static
stm32wlxx_hal_rcc.c:1350:10:HAL_RCC_GetHCLK3Freq	16	static
stm32wlxx_hal_rcc.c:1360:10:HAL_RCC_GetPCLK1Freq	16	static
stm32wlxx_hal_rcc.c:1370:10:HAL_RCC_GetPCLK2Freq	16	static
stm32wlxx_hal_rcc.c:1383:6:HAL_RCC_GetOscConfig	16	static
stm32wlxx_hal_rcc.c:1513:6:HAL_RCC_GetClockConfig	16	static
stm32wlxx_hal_rcc.c:1560:6:HAL_RCC_EnableCSS	8	static
stm32wlxx_hal_rcc.c:1570:6:HAL_RCC_NMI_IRQHandler	8	static
stm32wlxx_hal_rcc.c:1587:13:HAL_RCC_CSSCallback	4	static
stm32wlxx_hal_rcc.c:1600:10:HAL_RCC_GetResetSource	16	static
stm32wlxx_hal_rcc.c:1633:26:RCC_SetFlashLatencyFromMSIRange	32	static
stm32wlxx_hal_rcc.c:1655:26:RCC_SetFlashLatency	64	static
