stm32wlxx_ll_rcc.h:2170:26:LL_RCC_GetUSARTClockSource	16	static
stm32wlxx_ll_rcc.h:2201:26:LL_RCC_GetLPUARTClockSource	16	static
stm32wlxx_hal_uart.c:302:19:HAL_UART_Init	16	static
stm32wlxx_hal_uart.c:375:19:HAL_HalfDuplex_Init	16	static
stm32wlxx_hal_uart.c:448:19:HAL_LIN_Init	16	static
stm32wlxx_hal_uart.c:545:19:HAL_MultiProcessor_Init	24	static
stm32wlxx_hal_uart.c:619:19:HAL_UART_DeInit	16	static
stm32wlxx_hal_uart.c:665:13:HAL_UART_MspInit	16	static
stm32wlxx_hal_uart.c:680:13:HAL_UART_MspDeInit	16	static
stm32wlxx_hal_uart.c:1121:19:HAL_UART_Transmit	48	static
stm32wlxx_hal_uart.c:1229:19:HAL_UART_Receive	48	static
stm32wlxx_hal_uart.c:1334:19:HAL_UART_Transmit_IT	72	static,ignoring_inline_asm
stm32wlxx_hal_uart.c:1427:19:HAL_UART_Receive_IT	48	static,ignoring_inline_asm
stm32wlxx_hal_uart.c:1489:19:HAL_UART_Transmit_DMA	48	static,ignoring_inline_asm
stm32wlxx_hal_uart.c:1584:19:HAL_UART_Receive_DMA	48	static,ignoring_inline_asm
stm32wlxx_hal_uart.c:1635:19:HAL_UART_DMAPause	120	static,ignoring_inline_asm
stm32wlxx_hal_uart.c:1669:19:HAL_UART_DMAResume	112	static,ignoring_inline_asm
stm32wlxx_hal_uart.c:1701:19:HAL_UART_DMAStop	72	static,ignoring_inline_asm
stm32wlxx_hal_uart.c:1776:19:HAL_UART_Abort	136	static,ignoring_inline_asm
stm32wlxx_hal_uart.c:1877:19:HAL_UART_AbortTransmit	88	static,ignoring_inline_asm
stm32wlxx_hal_uart.c:1935:19:HAL_UART_AbortReceive	112	static,ignoring_inline_asm
stm32wlxx_hal_uart.c:2002:19:HAL_UART_Abort_IT	144	static,ignoring_inline_asm
stm32wlxx_hal_uart.c:2154:19:HAL_UART_AbortTransmit_IT	88	static,ignoring_inline_asm
stm32wlxx_hal_uart.c:2244:19:HAL_UART_AbortReceive_IT	112	static,ignoring_inline_asm
stm32wlxx_hal_uart.c:2336:6:HAL_UART_IRQHandler	240	static,ignoring_inline_asm
stm32wlxx_hal_uart.c:2655:13:HAL_UART_TxCpltCallback	16	static
stm32wlxx_hal_uart.c:2670:13:HAL_UART_TxHalfCpltCallback	16	static
stm32wlxx_hal_uart.c:2685:13:HAL_UART_RxCpltCallback	16	static
stm32wlxx_hal_uart.c:2700:13:HAL_UART_RxHalfCpltCallback	16	static
stm32wlxx_hal_uart.c:2715:13:HAL_UART_ErrorCallback	16	static
stm32wlxx_hal_uart.c:2730:13:HAL_UART_AbortCpltCallback	16	static
stm32wlxx_hal_uart.c:2745:13:HAL_UART_AbortTransmitCpltCallback	16	static
stm32wlxx_hal_uart.c:2760:13:HAL_UART_AbortReceiveCpltCallback	16	static
stm32wlxx_hal_uart.c:2777:13:HAL_UARTEx_RxEventCallback	16	static
stm32wlxx_hal_uart.c:2825:6:HAL_UART_ReceiverTimeout_Config	16	static
stm32wlxx_hal_uart.c:2840:19:HAL_UART_EnableReceiverTimeout	16	static
stm32wlxx_hal_uart.c:2878:19:HAL_UART_DisableReceiverTimeout	16	static
stm32wlxx_hal_uart.c:2916:19:HAL_MultiProcessor_EnableMuteMode	40	static,ignoring_inline_asm
stm32wlxx_hal_uart.c:2936:19:HAL_MultiProcessor_DisableMuteMode	40	static,ignoring_inline_asm
stm32wlxx_hal_uart.c:2956:6:HAL_MultiProcessor_EnterMuteMode	16	static
stm32wlxx_hal_uart.c:2966:19:HAL_HalfDuplex_EnableTransmitter	64	static,ignoring_inline_asm
stm32wlxx_hal_uart.c:2989:19:HAL_HalfDuplex_EnableReceiver	64	static,ignoring_inline_asm
stm32wlxx_hal_uart.c:3013:19:HAL_LIN_SendBreak	16	static
stm32wlxx_hal_uart.c:3058:23:HAL_UART_GetState	24	static
stm32wlxx_hal_uart.c:3074:10:HAL_UART_GetError	16	static
stm32wlxx_hal_uart.c:3120:19:UART_SetConfig	48	static
stm32wlxx_hal_uart.c:3337:6:UART_AdvFeatureConfig	16	static
stm32wlxx_hal_uart.c:3411:19:UART_CheckIdleState	32	static
stm32wlxx_hal_uart.c:3462:19:UART_WaitOnFlagUntilTimeout	120	static,ignoring_inline_asm
stm32wlxx_hal_uart.c:3526:19:UART_Start_Receive_IT	120	static,ignoring_inline_asm
stm32wlxx_hal_uart.c:3592:19:UART_Start_Receive_DMA	96	static,ignoring_inline_asm
stm32wlxx_hal_uart.c:3649:13:UART_EndTxTransfer	64	static,ignoring_inline_asm
stm32wlxx_hal_uart.c:3665:13:UART_EndRxTransfer	88	static,ignoring_inline_asm
stm32wlxx_hal_uart.c:3691:13:UART_DMATransmitCplt	72	static,ignoring_inline_asm
stm32wlxx_hal_uart.c:3725:13:UART_DMATxHalfCplt	24	static
stm32wlxx_hal_uart.c:3743:13:UART_DMAReceiveCplt	120	static,ignoring_inline_asm
stm32wlxx_hal_uart.c:3800:13:UART_DMARxHalfCplt	24	static
stm32wlxx_hal_uart.c:3834:13:UART_DMAError	32	static
stm32wlxx_hal_uart.c:3874:13:UART_DMAAbortOnError	24	static
stm32wlxx_hal_uart.c:3897:13:UART_DMATxAbortCallback	24	static
stm32wlxx_hal_uart.c:3952:13:UART_DMARxAbortCallback	24	static
stm32wlxx_hal_uart.c:4004:13:UART_DMATxOnlyAbortCallback	24	static
stm32wlxx_hal_uart.c:4037:13:UART_DMARxOnlyAbortCallback	24	static
stm32wlxx_hal_uart.c:4070:13:UART_TxISR_8BIT	64	static,ignoring_inline_asm
stm32wlxx_hal_uart.c:4099:13:UART_TxISR_16BIT	72	static,ignoring_inline_asm
stm32wlxx_hal_uart.c:4131:13:UART_TxISR_8BIT_FIFOEN	72	static,ignoring_inline_asm
stm32wlxx_hal_uart.c:4171:13:UART_TxISR_16BIT_FIFOEN	72	static,ignoring_inline_asm
stm32wlxx_hal_uart.c:4212:13:UART_EndTransmit_IT	40	static,ignoring_inline_asm
stm32wlxx_hal_uart.c:4237:13:UART_RxISR_8BIT	96	static,ignoring_inline_asm
stm32wlxx_hal_uart.c:4314:13:UART_RxISR_16BIT	96	static,ignoring_inline_asm
stm32wlxx_hal_uart.c:4393:13:UART_RxISR_8BIT_FIFOEN	160	static,ignoring_inline_asm
stm32wlxx_hal_uart.c:4541:13:UART_RxISR_16BIT_FIFOEN	168	static,ignoring_inline_asm
