stm32wlxx_ll_pwr.h:422:26:LL_PWR_IsEnabledBkUpAccess	4	static
stm32wlxx_ll_rcc.h:1020:26:LL_RCC_HSE_IsEnabledDiv2	4	static
stm32wlxx_ll_rcc.h:1129:26:LL_RCC_HSI_IsReady	4	static
stm32wlxx_ll_rcc.h:1282:22:LL_RCC_LSE_EnableCSS	4	static
stm32wlxx_ll_rcc.h:1294:22:LL_RCC_LSE_DisableCSS	4	static
stm32wlxx_ll_rcc.h:1335:26:LL_RCC_LSE_IsReady	4	static
stm32wlxx_ll_rcc.h:1379:26:LL_RCC_LSI_GetPrediv	4	static
stm32wlxx_ll_rcc.h:1410:26:LL_RCC_LSI_IsReady	4	static
stm32wlxx_ll_rcc.h:1448:26:LL_RCC_MSI_IsReady	4	static
stm32wlxx_ll_rcc.h:1462:22:LL_RCC_MSI_EnablePLLMode	4	static
stm32wlxx_ll_rcc.h:1474:22:LL_RCC_MSI_DisablePLLMode	4	static
stm32wlxx_ll_rcc.h:1497:26:LL_RCC_MSI_IsEnabledRangeSelect	4	static
stm32wlxx_ll_rcc.h:1542:26:LL_RCC_MSI_GetRange	4	static
stm32wlxx_ll_rcc.h:1571:26:LL_RCC_MSI_GetRangeAfterStandby	4	static
stm32wlxx_ll_rcc.h:1633:22:LL_RCC_LSCO_Disable	4	static
stm32wlxx_ll_rcc.h:1879:26:LL_RCC_GetAHBPrescaler	4	static
stm32wlxx_ll_rcc.h:1944:26:LL_RCC_GetAPB1Prescaler	4	static
stm32wlxx_ll_rcc.h:1959:26:LL_RCC_GetAPB2Prescaler	4	static
stm32wlxx_ll_rcc.h:1972:22:LL_RCC_SetClkAfterWakeFromStop	16	static
stm32wlxx_ll_rcc.h:2048:22:LL_RCC_SetUSARTClockSource	16	static
stm32wlxx_ll_rcc.h:2062:22:LL_RCC_SetI2SClockSource	16	static
stm32wlxx_ll_rcc.h:2077:22:LL_RCC_SetLPUARTClockSource	16	static
stm32wlxx_ll_rcc.h:2097:22:LL_RCC_SetI2CClockSource	16	static
stm32wlxx_ll_rcc.h:2120:22:LL_RCC_SetLPTIMClockSource	16	static
stm32wlxx_ll_rcc.h:2135:22:LL_RCC_SetRNGClockSource	16	static
stm32wlxx_ll_rcc.h:2150:22:LL_RCC_SetADCClockSource	16	static
stm32wlxx_ll_rcc.h:2170:26:LL_RCC_GetUSARTClockSource	16	static
stm32wlxx_ll_rcc.h:2185:26:LL_RCC_GetI2SClockSource	16	static
stm32wlxx_ll_rcc.h:2201:26:LL_RCC_GetLPUARTClockSource	16	static
stm32wlxx_ll_rcc.h:2223:26:LL_RCC_GetI2CClockSource	16	static
stm32wlxx_ll_rcc.h:2250:26:LL_RCC_GetLPTIMClockSource	16	static
stm32wlxx_ll_rcc.h:2266:26:LL_RCC_GetRNGClockSource	16	static
stm32wlxx_ll_rcc.h:2282:26:LL_RCC_GetADCClockSource	16	static
stm32wlxx_ll_rcc.h:2308:22:LL_RCC_SetRTCClockSource	16	static
stm32wlxx_ll_rcc.h:2322:26:LL_RCC_GetRTCClockSource	4	static
stm32wlxx_ll_rcc.h:2362:22:LL_RCC_ForceBackupDomainReset	4	static
stm32wlxx_ll_rcc.h:2372:22:LL_RCC_ReleaseBackupDomainReset	4	static
stm32wlxx_ll_rcc.h:2412:26:LL_RCC_PLL_IsReady	4	static
stm32wlxx_ll_rcc.h:2602:26:LL_RCC_PLL_GetN	4	static
stm32wlxx_ll_rcc.h:2643:26:LL_RCC_PLL_GetP	4	static
stm32wlxx_ll_rcc.h:2661:26:LL_RCC_PLL_GetQ	4	static
stm32wlxx_ll_rcc.h:2697:26:LL_RCC_PLL_GetDivider	4	static
stm32wlxx_ll_rcc.h:2815:26:LL_RCC_PLL_GetMainSource	4	static
stm32wlxx_ll_bus.h:449:22:LL_AHB2_GRP1_EnableClock	24	static
stm32wlxx_ll_exti.h:266:22:LL_EXTI_EnableIT_0_31	16	static
stm32wlxx_hal_rcc_ex.c:114:19:HAL_RCCEx_PeriphCLKConfig	32	static
stm32wlxx_hal_rcc_ex.c:346:6:HAL_RCCEx_GetPeriphCLKConfig	16	static
stm32wlxx_hal_rcc_ex.c:417:10:HAL_RCCEx_GetPeriphCLKFreq	32	static
stm32wlxx_hal_rcc_ex.c:929:6:HAL_RCCEx_WakeUpStopCLKConfig	16	static
stm32wlxx_hal_rcc_ex.c:943:6:HAL_RCCEx_EnableLSECSS	8	static
stm32wlxx_hal_rcc_ex.c:953:6:HAL_RCCEx_DisableLSECSS	8	static
stm32wlxx_hal_rcc_ex.c:969:6:HAL_RCCEx_EnableLSECSS_IT	8	static
stm32wlxx_hal_rcc_ex.c:989:6:HAL_RCCEx_LSECSS_IRQHandler	8	static
stm32wlxx_hal_rcc_ex.c:1004:13:HAL_RCCEx_LSECSS_Callback	4	static
stm32wlxx_hal_rcc_ex.c:1019:6:HAL_RCCEx_EnableLSCO	40	static
stm32wlxx_hal_rcc_ex.c:1057:6:HAL_RCCEx_DisableLSCO	16	static
stm32wlxx_hal_rcc_ex.c:1084:6:HAL_RCCEx_EnableMSIPLLMode	8	static
stm32wlxx_hal_rcc_ex.c:1094:6:HAL_RCCEx_DisableMSIPLLMode	8	static
stm32wlxx_hal_rcc_ex.c:1116:17:RCC_PLL_GetFreqDomain_P	24	static
stm32wlxx_hal_rcc_ex.c:1166:17:RCC_PLL_GetFreqDomain_Q	24	static
