stm32wlxx_ll_bus.h:449:22:LL_AHB2_GRP1_EnableClock	24	static
main.c:180:5:main	8	static
main.c:279:6:SystemClock_Config	112	static
main.c:321:13:MX_ADC_Init	8	static
main.c:367:13:MX_I2C2_Init	8	static
main.c:413:13:MX_LPTIM1_Init	8	static
main.c:447:13:MX_RTC_Init	8	static
main.c:484:6:MX_SUBGHZ_Init	8	static
main.c:510:13:MX_USART1_UART_Init	8	static
main.c:558:13:MX_USART2_UART_Init	8	static
main.c:606:13:MX_GPIO_Init	32	static
main.c:651:6:HAL_UART_RxCpltCallback	16	static
main.c:679:13:uart_usb_in_out_data_send	24	static
main.c:692:13:set_uart_usb_in_out_write_string	16	static
main.c:703:13:set_uart_usb_in_out_find_i2c_address	16	static
main.c:715:13:set_uart_usb_in_out_mac_address	24	static
main.c:737:13:set_uart_usb_in_out_voltage	16	static
main.c:749:13:set_uart_usb_in_out_payload	16	static
main.c:807:16:get_i2c_scan_address	16	static
main.c:830:13:get_voltage_level	16	static
main.c:854:6:StartRadioTask	16	static
main.c:921:6:StartMainTask	160	static
main.c:1037:6:mainTimerCallback	16	static
main.c:1064:6:HAL_TIM_PeriodElapsedCallback	16	static
main.c:1081:6:Error_Handler	4	static,ignoring_inline_asm
