stm32wlxx_ll_bus.h:449:22:LL_AHB2_GRP1_EnableClock	24	static
main.c:171:5:main	8	static
main.c:270:6:SystemClock_Config	112	static
main.c:309:13:MX_ADC_Init	8	static
main.c:353:13:MX_I2C2_Init	8	static
main.c:396:13:MX_LPTIM1_Init	8	static
main.c:428:13:MX_RTC_Init	8	static
main.c:463:6:MX_SUBGHZ_Init	8	static
main.c:487:13:MX_USART1_UART_Init	8	static
main.c:532:13:MX_USART2_UART_Init	8	static
main.c:577:13:MX_GPIO_Init	32	static
main.c:626:6:HAL_UART_RxCpltCallback	16	static
main.c:651:13:uart_usb_in_out_data_send	24	static
main.c:664:13:set_uart_usb_in_out_write_string	16	static
main.c:675:13:set_uart_usb_in_out_find_i2c_address	16	static
main.c:687:13:set_uart_usb_in_out_mac_address	24	static
main.c:709:13:set_uart_usb_in_out_voltage	16	static
main.c:721:13:set_uart_usb_in_out_payload	16	static
main.c:779:16:get_i2c_scan_address	16	static
main.c:802:13:get_voltage_level	16	static
main.c:826:6:StartRadioTask	16	static
main.c:939:6:StartMainTask	160	static
main.c:1107:6:mainTimerCallback	16	static
main.c:1146:6:HAL_TIM_PeriodElapsedCallback	16	static
main.c:1162:6:Error_Handler	4	static,ignoring_inline_asm
