stm32wlxx_ll_bus.h:449:22:LL_AHB2_GRP1_EnableClock	24	static
main.c:171:5:main	8	static
main.c:270:6:SystemClock_Config	112	static
main.c:309:13:MX_ADC_Init	8	static
main.c:353:13:MX_I2C2_Init	8	static
main.c:396:13:MX_LPTIM1_Init	8	static
main.c:428:13:MX_RTC_Init	8	static
main.c:463:6:MX_SUBGHZ_Init	8	static
main.c:487:13:MX_USART1_UART_Init	8	static
main.c:532:13:MX_USART2_UART_Init	8	static
main.c:577:13:MX_GPIO_Init	32	static
main.c:626:6:HAL_UART_RxCpltCallback	16	static
main.c:655:13:uart_usb_in_out_data_send	24	static
main.c:668:13:set_uart_usb_in_out_write_string	16	static
main.c:679:13:set_uart_usb_in_out_find_i2c_address	16	static
main.c:691:13:set_uart_usb_in_out_mac_address	24	static
main.c:713:13:set_uart_usb_in_out_voltage	16	static
main.c:725:13:set_uart_usb_in_out_payload	16	static
main.c:783:16:get_i2c_scan_address	16	static
main.c:806:13:get_voltage_level	16	static
main.c:830:6:StartRadioTask	16	static
main.c:943:6:StartMainTask	160	static
main.c:1111:6:mainTimerCallback	16	static
main.c:1150:6:HAL_TIM_PeriodElapsedCallback	16	static
main.c:1166:6:Error_Handler	4	static,ignoring_inline_asm
