stm32wlxx_ll_rcc.h:2332:22:LL_RCC_EnableRTC	4	static
stm32wlxx_ll_rcc.h:2342:22:LL_RCC_DisableRTC	4	static
stm32wlxx_ll_bus.h:449:22:LL_AHB2_GRP1_EnableClock	24	static
stm32wlxx_ll_bus.h:914:22:LL_APB1_GRP1_EnableClock	24	static
stm32wlxx_ll_bus.h:1018:22:LL_APB1_GRP1_DisableClock	16	static
stm32wlxx_ll_bus.h:1303:22:LL_APB2_GRP1_EnableClock	24	static
stm32wlxx_ll_bus.h:1351:22:LL_APB2_GRP1_DisableClock	16	static
stm32wlxx_ll_bus.h:1488:22:LL_APB3_GRP1_EnableClock	24	static
stm32wlxx_ll_bus.h:1516:22:LL_APB3_GRP1_DisableClock	16	static
stm32wlxx_hal_msp.c:63:6:HAL_MspInit	8	static
stm32wlxx_hal_msp.c:84:6:HAL_ADC_MspInit	40	static
stm32wlxx_hal_msp.c:124:6:HAL_ADC_MspDeInit	16	static
stm32wlxx_hal_msp.c:155:6:HAL_I2C_MspInit	96	static
stm32wlxx_hal_msp.c:200:6:HAL_I2C_MspDeInit	16	static
stm32wlxx_hal_msp.c:231:6:HAL_LPTIM_MspInit	72	static
stm32wlxx_hal_msp.c:263:6:HAL_LPTIM_MspDeInit	16	static
stm32wlxx_hal_msp.c:285:6:HAL_RTC_MspInit	72	static
stm32wlxx_hal_msp.c:319:6:HAL_RTC_MspDeInit	16	static
stm32wlxx_hal_msp.c:342:6:HAL_SUBGHZ_MspInit	16	static
stm32wlxx_hal_msp.c:364:6:HAL_SUBGHZ_MspDeInit	16	static
stm32wlxx_hal_msp.c:386:6:HAL_UART_MspInit	96	static
stm32wlxx_hal_msp.c:472:6:HAL_UART_MspDeInit	16	static
