app_subghz_phy.c:81:6:MX_SubGHz_Phy_Init	8	static
app_subghz_phy.c:98:13:packetSendCallback	16	static
app_subghz_phy.c:106:13:packetRecviceCallback	16	static
app_subghz_phy.c:120:6:MX_SubGhz_Phy_Radio_Sleep	8	static
app_subghz_phy.c:126:6:MX_SubGhz_Phy_SendPacket	16	static
app_subghz_phy.c:133:9:MX_SubGhz_Phy_Get_SendPacket_State	4	static
app_subghz_phy.c:139:6:MX_SubGhz_Phy_RecvicePacket	8	static
app_subghz_phy.c:146:9:MX_SubGhz_Phy_Get_RecvicePacket_State	4	static
app_subghz_phy.c:152:6:MX_SubGhz_Phy_Get_RecvicePacket	24	static
