stm32_adv_trace.c:166:25:UTIL_ADV_TRACE_Init	8	static
stm32_adv_trace.c:182:25:UTIL_ADV_TRACE_DeInit	8	static
stm32_adv_trace.c:188:9:UTIL_ADV_TRACE_IsBufferEmpty	4	static
stm32_adv_trace.c:196:25:UTIL_ADV_TRACE_StartRxProcess	16	static
stm32_adv_trace.c:203:25:UTIL_ADV_TRACE_COND_FSend	60	static
stm32_adv_trace.c:296:25:UTIL_ADV_TRACE_FSend	272	static
stm32_adv_trace.c:309:25:UTIL_ADV_TRACE_COND_ZCSend_Allocation	56	static
stm32_adv_trace.c:357:25:UTIL_ADV_TRACE_COND_ZCSend_Finalize	8	static
stm32_adv_trace.c:363:25:UTIL_ADV_TRACE_ZCSend_Allocation	32	static
stm32_adv_trace.c:387:25:UTIL_ADV_TRACE_ZCSend_Finalize	8	static
stm32_adv_trace.c:394:25:UTIL_ADV_TRACE_COND_Send	56	static
stm32_adv_trace.c:449:25:UTIL_ADV_TRACE_Send	32	static
stm32_adv_trace.c:487:6:UTIL_ADV_TRACE_RegisterTimeStampFunction	16	static
stm32_adv_trace.c:492:6:UTIL_ADV_TRACE_SetVerboseLevel	16	static
stm32_adv_trace.c:497:9:UTIL_ADV_TRACE_GetVerboseLevel	4	static
stm32_adv_trace.c:502:6:UTIL_ADV_TRACE_SetRegion	16	static
stm32_adv_trace.c:507:10:UTIL_ADV_TRACE_GetRegion	4	static
stm32_adv_trace.c:512:6:UTIL_ADV_TRACE_ResetRegion	16	static
stm32_adv_trace.c:518:13:UTIL_ADV_TRACE_PreSendHook	4	static
stm32_adv_trace.c:522:13:UTIL_ADV_TRACE_PostSendHook	4	static
stm32_adv_trace.c:538:32:TRACE_Send	40	static,ignoring_inline_asm
stm32_adv_trace.c:609:13:TRACE_TxCpltCallback	40	static,ignoring_inline_asm
stm32_adv_trace.c:704:16:TRACE_AllocateBufer	32	static,ignoring_inline_asm
stm32_adv_trace.c:795:13:TRACE_Lock	24	static,ignoring_inline_asm
stm32_adv_trace.c:806:13:TRACE_UnLock	24	static,ignoring_inline_asm
stm32_adv_trace.c:817:17:TRACE_IsLocked	4	static
