radio.c:640:13:RadioInit	24	static
radio.c:670:21:RadioGetStatus	8	static
radio.c:685:13:RadioSetModem	16	static
radio.c:728:13:RadioSetChannel	16	static
radio.c:733:13:RadioIsChannelFree	72	static
radio.c:773:17:RadioRandom	16	static
radio.c:791:13:RadioSetRxConfig	48	static
radio.c:974:13:RadioSetTxConfig	32	static
radio.c:1080:13:RadioCheckRfFrequency	16	static
radio.c:1085:17:RadioGetLoRaBandwidthInHz	24	static
radio.c:1126:17:RadioGetGfskTimeOnAirNumerator	16	static
radio.c:1137:17:RadioGetLoRaTimeOnAirNumerator	48	static
radio.c:1201:17:RadioTimeOnAir	48	static
radio.c:1234:13:RadioSend	24	static
radio.c:1340:13:RadioSleep	16	static
radio.c:1350:13:RadioStandby	8	static
radio.c:1355:13:RadioRx	16	static
radio.c:1393:13:RadioRxBoosted	16	static
radio.c:1425:13:RadioSetRxDutyCycle	16	static
radio.c:1433:13:RadioStartCad	8	static
radio.c:1445:13:RadioSetTxContinuousWave	24	static
radio.c:1463:16:RadioRssi	16	static
radio.c:1468:13:RadioWrite	16	static
radio.c:1473:16:RadioRead	16	static
radio.c:1478:13:RadioWriteRegisters	16	static
radio.c:1483:13:RadioReadRegisters	16	static
radio.c:1488:13:RadioSetMaxPayloadLength	16	static
radio.c:1505:13:RadioSetPublicNetwork	16	static
radio.c:1524:17:RadioGetWakeupTime	8	static
radio.c:1529:13:RadioOnTxTimeoutIrq	16	static
radio.c:1534:13:RadioOnRxTimeoutIrq	16	static
radio.c:1539:13:RadioOnTxTimeoutProcess	8	static
radio.c:1551:13:RadioOnRxTimeoutProcess	8	static
radio.c:1563:13:RadioOnDioIrq	16	static
radio.c:1570:13:RadioIrqProcess	24	static
radio.c:1730:13:RadioTxPrbs	8	static
radio.c:1738:13:RadioTxCw	24	static
radio.c:1745:13:payload_integration	40	static
radio.c:1782:16:RadioSetRxGenericConfig	56	static
radio.c:1958:16:RadioSetTxGenericConfig	48	static
