radio_driver.c:209:6:SUBGRF_Init	24	static
radio_driver.c:247:23:SUBGRF_GetOperatingMode	4	static
radio_driver.c:252:6:SUBGRF_SetPayload	16	static
radio_driver.c:257:9:SUBGRF_GetPayload	32	static
radio_driver.c:271:6:SUBGRF_SendPayload	24	static
radio_driver.c:277:9:SUBGRF_SetSyncWord	16	static
radio_driver.c:283:6:SUBGRF_SetCrcSeed	24	static
radio_driver.c:301:6:SUBGRF_SetCrcPolynomial	24	static
radio_driver.c:319:6:SUBGRF_SetWhiteningSeed	24	static
radio_driver.c:337:10:SUBGRF_GetRandom	16	static
radio_driver.c:362:6:SUBGRF_SetSleep	24	static
radio_driver.c:376:6:SUBGRF_SetStandby	16	static
radio_driver.c:389:6:SUBGRF_SetFs	8	static
radio_driver.c:395:6:SUBGRF_SetTx	24	static
radio_driver.c:407:6:SUBGRF_SetRx	24	static
radio_driver.c:419:6:SUBGRF_SetRxBoosted	24	static
radio_driver.c:435:6:SUBGRF_SetRxDutyCycle	24	static
radio_driver.c:449:6:SUBGRF_SetCad	8	static
radio_driver.c:455:6:SUBGRF_SetTxContinuousWave	8	static
radio_driver.c:460:6:SUBGRF_SetTxInfinitePreamble	8	static
radio_driver.c:465:6:SUBGRF_SetStopRxTimerOnPreambleDetect	16	static
radio_driver.c:470:6:SUBGRF_SetLoRaSymbNumTimeout	24	static
radio_driver.c:491:6:SUBGRF_SetRegulatorMode	16	static
radio_driver.c:508:6:SUBGRF_Calibrate	24	static
radio_driver.c:521:6:SUBGRF_CalibrateImage	24	static
radio_driver.c:553:6:SUBGRF_SetPaConfig	32	static
radio_driver.c:564:6:SUBGRF_SetRxTxFallbackMode	16	static
radio_driver.c:569:6:SUBGRF_SetDioIrqParams	32	static
radio_driver.c:584:10:SUBGRF_GetIrqStatus	16	static
radio_driver.c:592:6:SUBGRF_SetTcxoMode	24	static
radio_driver.c:604:6:SUBGRF_SetRfFrequency	32	static
radio_driver.c:624:6:SUBGRF_SetPacketType	16	static
radio_driver.c:636:20:SUBGRF_GetPacketType	4	static
radio_driver.c:641:6:SUBGRF_SetTxParams	24	static
radio_driver.c:688:6:SUBGRF_SetModulationParams	40	static
radio_driver.c:754:6:SUBGRF_SetPacketParams	32	static
radio_driver.c:818:6:SUBGRF_SetCadParams	32	static
radio_driver.c:833:6:SUBGRF_SetBufferBaseAddress	24	static
radio_driver.c:842:15:SUBGRF_GetStatus	16	static
radio_driver.c:855:8:SUBGRF_GetRssiInst	16	static
radio_driver.c:865:6:SUBGRF_GetRxBufferStatus	24	static
radio_driver.c:884:6:SUBGRF_GetPacketStatus	24	static
radio_driver.c:918:14:SUBGRF_GetDeviceErrors	16	static
radio_driver.c:935:6:SUBGRF_ClearDeviceErrors	16	static
radio_driver.c:941:6:SUBGRF_ClearIrqStatus	24	static
radio_driver.c:950:6:SUBGRF_WriteRegister	16	static
radio_driver.c:955:9:SUBGRF_ReadRegister	24	static
radio_driver.c:962:6:SUBGRF_WriteRegisters	32	static,ignoring_inline_asm
radio_driver.c:969:6:SUBGRF_ReadRegisters	32	static,ignoring_inline_asm
radio_driver.c:976:6:SUBGRF_WriteBuffer	32	static,ignoring_inline_asm
radio_driver.c:983:6:SUBGRF_ReadBuffer	32	static,ignoring_inline_asm
radio_driver.c:990:6:SUBGRF_WriteCommand	32	static,ignoring_inline_asm
radio_driver.c:998:6:SUBGRF_ReadCommand	32	static,ignoring_inline_asm
radio_driver.c:1006:6:SUBGRF_SetSwitch	24	static
radio_driver.c:1032:9:SUBGRF_SetRfTxPower	24	static
radio_driver.c:1071:10:SUBGRF_GetRadioWakeUpTime	4	static
radio_driver.c:1077:6:HAL_SUBGHZ_TxCpltCallback	16	static
radio_driver.c:1082:6:HAL_SUBGHZ_RxCpltCallback	16	static
radio_driver.c:1087:6:HAL_SUBGHZ_CRCErrorCallback	16	static
radio_driver.c:1092:6:HAL_SUBGHZ_CADStatusCallback	16	static
radio_driver.c:1107:6:HAL_SUBGHZ_RxTxTimeoutCallback	16	static
radio_driver.c:1112:6:HAL_SUBGHZ_HeaderErrorCallback	16	static
radio_driver.c:1117:6:HAL_SUBGHZ_PreambleDetectedCallback	16	static
radio_driver.c:1122:6:HAL_SUBGHZ_SyncWordValidCallback	16	static
radio_driver.c:1127:6:HAL_SUBGHZ_HeaderValidCallback	16	static
radio_driver.c:1132:13:Radio_SMPS_Set	24	static
radio_driver.c:1143:9:SUBGRF_GetFskBandwidthRegValue	24	static
radio_driver.c:1164:6:SUBGRF_GetCFO	48	static
